Γû▓ Next.js 16.1.6 (Turbopack)

  Creating an optimized production build ...
Γ£ô Compiled successfully in 1500.3ms
  Running TypeScript ...
  Collecting page data using 15 workers ...
  Generating static pages using 15 workers (0/7) ...
  Generating static pages using 15 workers (1/7) 
  Generating static pages using 15 workers (3/7) 
  Generating static pages using 15 workers (5/7) 
Γ£ô Generating static pages using 15 workers (7/7) in 450.0ms
  Finalizing page optimization ...

Route (app)
Γöî Γùï /
Γö£ Γùï /_not-found
Γö£ Γùï /contact
Γö£ Γùï /memberships
Γöö Γùï /services


Γùï  (Static)  prerendered as static content

